<html>
<body>
<pre>
<h1>礦ision Build Log</h1>
<h2>Tool Versions:</h2>
IDE-Version: μVision V5.14.2
Copyright (C) 2015 ARM Ltd and ARM Germany GmbH. All rights reserved.
License Information: Cortex-M3, 11, LIC=PE7EV-P6JTT-BSMYX-H8FRS-VQY68-TR0F1
 
Tool Versions:
Toolchain:       MDK-ARM Standard  Version: 5.14.0.0
Toolchain Path:  D:\KEIL IDE\Keil\ARM\ARMCC\Bin
C Compiler:      Armcc.exe V5.05 update 1 (build 106)
Assembler:       Armasm.exe V5.05 update 1 (build 106)
Linker/Locator:  ArmLink.exe V5.05 update 1 (build 106)
Library Manager: ArmAr.exe V5.05 update 1 (build 106)
Hex Converter:   FromElf.exe V5.05 update 1 (build 106)
CPU DLL:         SARMCM3.DLL V5.14.0.0
Dialog DLL:      DCM.DLL V1.13.1.0
Target DLL:      CMSIS_AGDI.dll V1.21.0.0
Dialog DLL:      TCM.DLL V1.14.4.0
 
<h2>Project:</h2>
D:\KEIL IDE\ESP8266-WIFI数据透传实验\Template.uvprojx
Project File Date:  06/16/2018

<h2>Output:</h2>
*** Using Compiler 'V5.05 update 1 (build 106)', folder: 'D:\KEIL IDE\Keil\ARM\ARMCC\Bin'
Rebuild target 'Target 1'
compiling main.c...
compiling stm32f10x_it.c...
assembling startup_stm32f10x_hd.s...
compiling stm32f10x_gpio.c...
compiling stm32f10x_rcc.c...
compiling misc.c...
compiling stm32f10x_exti.c...
compiling stm32f10x_tim.c...
compiling stm32f10x_usart.c...
compiling stm32f10x_iwdg.c...
compiling stm32f10x_wwdg.c...
compiling stm32f10x_bkp.c...
compiling stm32f10x_pwr.c...
compiling stm32f10x_adc.c...
compiling stm32f10x_dac.c...
compiling stm32f10x_dma.c...
compiling stm32f10x_rtc.c...
compiling stm32f10x_can.c...
compiling stm32f10x_fsmc.c...
compiling stm32f10x_spi.c...
compiling system_stm32f10x.c...
compiling core_cm3.c...
compiling led.c...
compiling tftlcd.c...
APP\tftlcd\tftlcd.c(1598): warning:  #177-D: variable "g" was declared but never referenced
        u16 r=0,g=0,b=0;
APP\tftlcd\tftlcd.c(1598): warning:  #177-D: variable "b" was declared but never referenced
        u16 r=0,g=0,b=0;
APP\tftlcd\tftlcd.c: 2 warnings, 0 errors
compiling system.c...
compiling SysTick.c...
compiling usart.c...
compiling esp8266_drive.c...
compiling esp8266_public.c...
compiling sta_tcpclent_test.c...
APP\esp8266\STA_TCPClent_Test\sta_tcpclent_test.c(42): warning:  #167-D: argument of type "char *" is incompatible with parameter of type "u8 *"
                        LCD_ShowString(10,120,tftlcd_data.width,tftlcd_data.height,24,str+3);
APP\esp8266\STA_TCPClent_Test\sta_tcpclent_test.c: 1 warning, 0 errors
linking...
Program Size: Code=7824 RO-data=7480 RW-data=44 ZI-data=2052  
FromELF: creating hex file...
".\Obj\Template.axf" - 0 Error(s), 3 Warning(s).

<h2>Collection of Component include folders:</h2>
  D:\KEIL IDE\ESP8266-WIFI数据透传实验\RTE
  D:\KEIL IDE\Keil\ARM\PACK\Keil\STM32F1xx_DFP\1.0.5\Device\Include

<h2>Collection of Component Files used:</h2>
</pre>
</body>
</html>
